  GEN     Makefile
scripts/kconfig/conf  --syncconfig Kconfig
  GEN     Makefile
  UPD     include/config/kernel.release
  UPD     include/generated/utsrelease.h
  CALL    ../scripts/atomic/check-atomics.sh
  CALL    ../scripts/checksyscalls.sh
  CHK     include/generated/compile.h
  CC      init/version.o
  CC      kernel/sys.o
  AR      init/built-in.a
  CC      drivers/base/firmware_loader/fallback_table.o
  CC      drivers/base/firmware_loader/main.o
  CC      drivers/base/firmware_loader/fallback.o
"QGKI Spectra Camera Building as DLKM"
"SPECTRA CAMERA IS BUILT AS DLKM"
  AR      drivers/base/firmware_loader/built-in.a
  AR      drivers/base/built-in.a
  CC      kernel/trace/trace.o
  CC      kernel/module.o
  UPD     kernel/config_data
  CHK     kernel/kheaders_data.tar.xz
-- ReSukiSU version code: 34832
-- ReSukiSU version name: v4.1.0-9cca1f09@ReSukiSU
-- Supported Unofficial Manager: MKSU, RKSU, KOWSU, SukiSU-Ultra, ReSukiSU 
-- ReSukiSU: using KSU_MANUAL_HOOK
-- KERNEL_VERSION: 5.4
-- KERNEL_TYPE: GKI 1.0
-- KPM is disabled
-- ReSukiSU/compat: current_sid found
-- ReSukiSU/compat: selinux_state found
-- ReSukiSU/compat: strncpy found
-- ReSukiSU/compat: kernel_read found
-- ReSukiSU/compat: kernel_write found
-- ReSukiSU/compat: selinux_inode found
-- ReSukiSU/compat: selinux_cred found
grep: ../include/linux/seccomp_types.h: Нет такого файла или каталога
-- ReSukiSU/compat: security_inode_init_security_anon found
-- ReSukiSU/compat: anon_inode_getfd_secure found
-- ReSukiSU/compat: vfs_getattr() found
-- ReSukiSU/compat: file_inode() found
-- ReSukiSU/compat: ns_get_path found
-- ReSukiSU/compat: modern dentry_open found
-- ReSukiSU/compat: ext4_unregister_sysfs found
-- ReSukiSU/compat: f_op->read_iter found
-- ReSukiSU/compat: iterate_dir found
-- ReSukiSU/compat: modern static_key_interface found
-- ReSukiSU/compat: d_inode found
-- ReSukiSU/compat: time64_to_tm found
-- ReSukiSU/compat: ktime_get_ns found
-- ReSukiSU/compat: inode_lock found
-- ReSukiSU/compat: modern errno file found
-- ReSukiSU/compat: overflow.h found
-- ReSukiSU/compat: modern proc ns header file found
-- ReSukiSU/manual_hook: You are using LSM hooks for setuid hooks.
  GEN     kernel/kheaders_data.tar.xz
-- ReSukiSU/manual_hook: You are using LSM hooks for init rc hooks.
-- ReSukiSU/manual_hook: You are using input_handler for input hooks.
-- ReSukiSU/manual_hook: ksu_handle_execveat found
-- ReSukiSU/manual_hook: ksu_handle_faccessat found
-- ReSukiSU/manual_hook: ksu_handle_stat found
-- ReSukiSU/manual_hook: ksu_handle_newfstat_ret found
-- ReSukiSU/manual_hook: ksu_handle_fstat64_ret found
-- ReSukiSU/manual_hook: ksu_handle_sys_reboot found
  CC      drivers/kernelsu/core/init.o
  AR      drivers/kernelsu/built-in.a
  GZIP    kernel/config_data.gz
  CC      kernel/configs.o
  AR      kernel/trace/built-in.a
  AR      drivers/built-in.a
  CC      kernel/kheaders.o
  AR      kernel/built-in.a
  GEN     .version
  CHK     include/generated/compile.h
  UPD     include/generated/compile.h
  CC      init/version.o
  AR      init/built-in.a
  LTO     vmlinux.o
  MODPOST vmlinux.o
WARNING: "embms_tm_multicast_recv" [vmlinux] is a static EXPORT_SYMBOL
  MODINFO modules.builtin.modinfo
  LD      .tmp_vmlinux.kallsyms1
  KSYM    .tmp_vmlinux.kallsyms1.o
  LD      .tmp_vmlinux.kallsyms2
  KSYM    .tmp_vmlinux.kallsyms2.o
  LD      vmlinux
  SORTEX  vmlinux
  SYSMAP  System.map
  OBJCOPY arch/arm64/boot/Image
  GZIP    arch/arm64/boot/Image.gz
